// Jest Snapshot v1, https://goo.gl/fbAQLP

exports[`renders correctly 1`] = `
<div>
  <div
    className="sc-bdnxRM ibzVqB"
  >
    <div
      className="sc-fujyAs blTUGX"
    >
      <svg
        aria-hidden={true}
        className="MuiSvgIcon-root"
        focusable="false"
        onClick={[Function]}
        viewBox="0 0 24 24"
      >
        <path
          d="M11.67 3.87L9.9 2.1 0 12l9.9 9.9 1.77-1.77L3.54 12z"
        />
      </svg>
      <div
        className="sc-pNWdM gDosGb"
        onClick={[Function]}
      >
        1
      </div>
      <div
        className="sc-pNWdM gDosGb"
      >
        ...
      </div>
      <div
        className="sc-pNWdM gDosGb"
        onClick={[Function]}
      >
        9
      </div>
      <div
        className="sc-pNWdM gDosGb active"
        onClick={[Function]}
      >
        10
      </div>
      <div
        className="sc-pNWdM gDosGb"
        onClick={[Function]}
      >
        11
      </div>
      <div
        className="sc-pNWdM gDosGb"
      >
        ...
      </div>
      <div
        className="sc-pNWdM gDosGb"
        onClick={[Function]}
      >
        50
      </div>
      <svg
        aria-hidden={true}
        className="MuiSvgIcon-root"
        focusable="false"
        onClick={[Function]}
        viewBox="0 0 24 24"
      >
        <path
          d="M5.88 4.12L13.76 12l-7.88 7.88L8 22l10-10L8 2z"
        />
      </svg>
    </div>
    <div
      className="sc-dlnjwi fHmCXS"
    >
      <div
        className="sc-hKFxyN evguJw"
        data-testid="testButton"
        onClick={[Function]}
      >
        <span
          className="sc-iCoGMd GYIbd"
        >
          Per page
        </span>
        <div
          className="sc-gKAaRy kuezKY"
        >
          20
        </div>
        <svg
          aria-hidden={true}
          className="MuiSvgIcon-root"
          focusable="false"
          viewBox="0 0 24 24"
        >
          <path
            d="M7 10l5 5 5-5z"
          />
        </svg>
      </div>
      <div
        className="sc-eCApnc bbMYLx hidden"
        data-testid="testList"
      >
        <div
          className="sc-jSFjdj bXtTsJ"
          data-testid="testListItem"
          onClick={[Function]}
        >
          12
        </div>
        <div
          className="sc-jSFjdj bXtTsJ"
          data-testid="testListItem"
          onClick={[Function]}
        >
          16
        </div>
        <div
          className="sc-jSFjdj bXtTsJ"
          data-testid="testListItem"
          onClick={[Function]}
        >
          20
        </div>
      </div>
    </div>
  </div>
</div>
`;
