// Jest Snapshot v1, https://goo.gl/fbAQLP

exports[`renders correctly 1`] = `
<div>
  <div
    className="sc-bdnxRM"
  >
    <div
      className="sc-dlnjwi kUjdMX"
    >
      <svg
        aria-hidden={true}
        className="MuiSvgIcon-root"
        focusable="false"
        viewBox="0 0 24 24"
      >
        <path
          d="M19 3h-1V1h-2v2H8V1H6v2H5c-1.11 0-2 .9-2 2v14c0 1.1.89 2 2 2h14c1.1 0 2-.9 2-2V5c0-1.1-.9-2-2-2zm-7 3c1.66 0 3 1.34 3 3s-1.34 3-3 3-3-1.34-3-3 1.34-3 3-3zm6 12H6v-1c0-2 4-3.1 6-3.1s6 1.1 6 3.1v1z"
        />
      </svg>
      <div
        className="sc-gtsrHT eCbWQp"
      >
        Personal information
      </div>
    </div>
    <div
      className="sc-eCApnc hheWKK"
    >
      <div
        className="sc-gKAaRy cGdSQQ"
      >
        <span
          className="sc-fujyAs fByZWv"
        >
          Name
        </span>
        <input
          className="sc-iCoGMd jbmZBi"
          readOnly={true}
          type="text"
          value=""
        />
      </div>
      <div
        className="sc-gKAaRy cGdSQQ"
      >
        <span
          className="sc-fujyAs fByZWv"
        >
          Phone
        </span>
        <input
          className="sc-iCoGMd jbmZBi"
          readOnly={true}
          type="text"
          value=""
        />
      </div>
      <div
        className="sc-gKAaRy cGdSQQ"
      >
        <span
          className="sc-fujyAs fByZWv"
        >
          Username
        </span>
        <input
          className="sc-iCoGMd jbmZBi"
          readOnly={true}
          type="text"
          value=""
        />
      </div>
      <div
        className="sc-gKAaRy cGdSQQ"
      >
        <span
          className="sc-fujyAs fByZWv"
        >
          Website
        </span>
        <input
          className="sc-iCoGMd jbmZBi"
          readOnly={true}
          type="text"
          value=""
        />
      </div>
      <div
        className="sc-gKAaRy cGdSQQ"
      >
        <span
          className="sc-fujyAs fByZWv"
        >
          E-mail
        </span>
        <input
          className="sc-iCoGMd jbmZBi"
          readOnly={true}
          type="text"
          value=""
        />
      </div>
    </div>
    <div
      className="sc-hKFxyN dcfYAR"
    >
      <svg
        aria-hidden={true}
        className="MuiSvgIcon-root"
        focusable="false"
        viewBox="0 0 24 24"
      >
        <path
          d="M19 3h-1V1h-2v2H8V1H6v2H5c-1.11 0-2 .9-2 2v14c0 1.1.89 2 2 2h14c1.1 0 2-.9 2-2V5c0-1.1-.9-2-2-2zm-7 3c1.66 0 3 1.34 3 3s-1.34 3-3 3-3-1.34-3-3 1.34-3 3-3zm6 12H6v-1c0-2 4-3.1 6-3.1s6 1.1 6 3.1v1z"
        />
      </svg>
      <div
        className="sc-gtsrHT eCbWQp"
      >
        Address
      </div>
    </div>
    <div
      className="sc-eCApnc hheWKK"
    >
      <div
        className="sc-gKAaRy cGdSQQ"
      >
        <span
          className="sc-fujyAs fByZWv"
        >
          Street
        </span>
        <input
          className="sc-iCoGMd jbmZBi"
          readOnly={true}
          type="text"
          value=""
        />
      </div>
      <div
        className="sc-gKAaRy cGdSQQ"
      >
        <span
          className="sc-fujyAs fByZWv"
        >
          City
        </span>
        <input
          className="sc-iCoGMd jbmZBi"
          readOnly={true}
          type="text"
          value=""
        />
      </div>
      <div
        className="sc-gKAaRy cGdSQQ"
      >
        <span
          className="sc-fujyAs fByZWv"
        >
          Sufix
        </span>
        <input
          className="sc-iCoGMd jbmZBi"
          readOnly={true}
          type="text"
          value=""
        />
      </div>
      <div
        className="sc-gKAaRy cGdSQQ"
      >
        <span
          className="sc-fujyAs fByZWv"
        >
          Zipcode
        </span>
        <input
          className="sc-iCoGMd jbmZBi"
          readOnly={true}
          type="text"
          value=""
        />
      </div>
    </div>
    <div
      className="sc-hKFxyN dcfYAR"
    >
      <svg
        aria-hidden={true}
        className="MuiSvgIcon-root"
        focusable="false"
        viewBox="0 0 24 24"
      >
        <path
          d="M19 3h-1V1h-2v2H8V1H6v2H5c-1.11 0-2 .9-2 2v14c0 1.1.89 2 2 2h14c1.1 0 2-.9 2-2V5c0-1.1-.9-2-2-2zm-7 3c1.66 0 3 1.34 3 3s-1.34 3-3 3-3-1.34-3-3 1.34-3 3-3zm6 12H6v-1c0-2 4-3.1 6-3.1s6 1.1 6 3.1v1z"
        />
      </svg>
      <div
        className="sc-gtsrHT eCbWQp"
      >
        Company
      </div>
    </div>
    <div
      className="sc-jSFjdj euLUMp"
    >
      <div
        className="sc-gKAaRy cGdSQQ"
      >
        <span
          className="sc-fujyAs fByZWv"
        >
          Name
        </span>
        <input
          className="sc-iCoGMd jbmZBi"
          readOnly={true}
          type="text"
          value=""
        />
      </div>
      <div
        className="sc-gKAaRy cGdSQQ"
      >
        <span
          className="sc-fujyAs fByZWv"
        >
          Catchphrase
        </span>
        <input
          className="sc-iCoGMd jbmZBi"
          readOnly={true}
          type="text"
          value=""
        />
      </div>
      <div
        className="sc-gKAaRy cGdSQQ"
      >
        <span
          className="sc-fujyAs fByZWv"
        >
          Bs
        </span>
        <input
          className="sc-iCoGMd jbmZBi"
          readOnly={true}
          type="text"
          value=""
        />
      </div>
    </div>
  </div>
</div>
`;
