// Jest Snapshot v1, https://goo.gl/fbAQLP

exports[`renders correctly 1`] = `
<div
  className="sc-bdnxRM drXKXV"
>
  <div
    className="sc-gtsrHT eQRIqZ"
  >
    <li
      className="sc-hKFxyN eQpwhn"
    >
      PHOTOS APP
    </li>
    <a
      aria-current="page"
      className="active"
      href="/"
      onClick={[Function]}
      style={Object {}}
    >
      <li
        className="sc-eCApnc hpMDYO"
      >
        <svg
          aria-hidden={true}
          className="MuiSvgIcon-root"
          focusable="false"
          viewBox="0 0 24 24"
        >
          <path
            d="M21 19V5c0-1.1-.9-2-2-2H5c-1.1 0-2 .9-2 2v14c0 1.1.9 2 2 2h14c1.1 0 2-.9 2-2zM8.5 13.5l2.5 3.01L14.5 12l4.5 6H5l3.5-4.5z"
          />
        </svg>
        PHOTOS
      </li>
    </a>
    <a
      aria-current={null}
      href="/albums"
      onClick={[Function]}
    >
      <li
        className="sc-eCApnc hpMDYO"
      >
        <svg
          aria-hidden={true}
          className="MuiSvgIcon-root"
          focusable="false"
          viewBox="0 0 24 24"
        >
          <path
            d="M18 2H6c-1.1 0-2 .9-2 2v16c0 1.1.9 2 2 2h12c1.1 0 2-.9 2-2V4c0-1.1-.9-2-2-2zM6 4h5v8l-2.5-1.5L6 12V4zm0 15l3-3.86 2.14 2.58 3-3.86L18 19H6z"
          />
        </svg>
        ALBUMS
      </li>
    </a>
    <a
      aria-current={null}
      href="/profile/1"
      onClick={[Function]}
    >
      <li
        className="sc-eCApnc hpMDYO"
      >
        <svg
          aria-hidden={true}
          className="MuiSvgIcon-root"
          focusable="false"
          viewBox="0 0 24 24"
        >
          <path
            d="M12 2C6.48 2 2 6.48 2 12s4.48 10 10 10 10-4.48 10-10S17.52 2 12 2zm0 3c1.66 0 3 1.34 3 3s-1.34 3-3 3-3-1.34-3-3 1.34-3 3-3zm0 14.2c-2.5 0-4.71-1.28-6-3.22.03-1.99 4-3.08 6-3.08 1.99 0 5.97 1.09 6 3.08-1.29 1.94-3.5 3.22-6 3.22z"
          />
        </svg>
        PROFILE
      </li>
    </a>
  </div>
</div>
`;
