// Jest Snapshot v1, https://goo.gl/fbAQLP

exports[`renders correctly 1`] = `
<div
  className="sc-bdnxRM AWwxL"
>
  <div>
    One
  </div>
  <div>
    Two
  </div>
  <div>
    Three
  </div>
  <div>
    Four
  </div>
</div>
`;
