// Jest Snapshot v1, https://goo.gl/fbAQLP

exports[`renders correctly 1`] = `
Object {
  "asFragment": [Function],
  "baseElement": <body>
    <div>
      <div
        class="sc-bdnxRM juqWpf"
        data-testid="testAlbumCard"
      >
        <span
          class="sc-gtsrHT YXTaF"
        >
          one
        </span>
        <div
          class="sc-dlnjwi iYBmHw"
          data-testid="imageRow"
        >
          <img
            alt=""
            src="https://via.placeholder.com/600/92c952"
          />
          <img
            alt=""
            src="https://via.placeholder.com/600/771796"
          />
          <img
            alt=""
            src="https://via.placeholder.com/600/24f355"
          />
          <img
            alt=""
            src="https://via.placeholder.com/600/d32776"
          />
        </div>
        <a
          href="/albums/1/photos/"
        >
          <div
            class="sc-hKFxyN gSMifO"
          >
            SEE MORE
            <svg
              aria-hidden="true"
              class="MuiSvgIcon-root"
              focusable="false"
              viewBox="0 0 24 24"
            >
              <path
                d="M5.88 4.12L13.76 12l-7.88 7.88L8 22l10-10L8 2z"
              />
            </svg>
          </div>
        </a>
      </div>
    </div>
  </body>,
  "container": <div>
    <div
      class="sc-bdnxRM juqWpf"
      data-testid="testAlbumCard"
    >
      <span
        class="sc-gtsrHT YXTaF"
      >
        one
      </span>
      <div
        class="sc-dlnjwi iYBmHw"
        data-testid="imageRow"
      >
        <img
          alt=""
          src="https://via.placeholder.com/600/92c952"
        />
        <img
          alt=""
          src="https://via.placeholder.com/600/771796"
        />
        <img
          alt=""
          src="https://via.placeholder.com/600/24f355"
        />
        <img
          alt=""
          src="https://via.placeholder.com/600/d32776"
        />
      </div>
      <a
        href="/albums/1/photos/"
      >
        <div
          class="sc-hKFxyN gSMifO"
        >
          SEE MORE
          <svg
            aria-hidden="true"
            class="MuiSvgIcon-root"
            focusable="false"
            viewBox="0 0 24 24"
          >
            <path
              d="M5.88 4.12L13.76 12l-7.88 7.88L8 22l10-10L8 2z"
            />
          </svg>
        </div>
      </a>
    </div>
  </div>,
  "debug": [Function],
  "findAllByAltText": [Function],
  "findAllByDisplayValue": [Function],
  "findAllByLabelText": [Function],
  "findAllByPlaceholderText": [Function],
  "findAllByRole": [Function],
  "findAllByTestId": [Function],
  "findAllByText": [Function],
  "findAllByTitle": [Function],
  "findByAltText": [Function],
  "findByDisplayValue": [Function],
  "findByLabelText": [Function],
  "findByPlaceholderText": [Function],
  "findByRole": [Function],
  "findByTestId": [Function],
  "findByText": [Function],
  "findByTitle": [Function],
  "getAllByAltText": [Function],
  "getAllByDisplayValue": [Function],
  "getAllByLabelText": [Function],
  "getAllByPlaceholderText": [Function],
  "getAllByRole": [Function],
  "getAllByTestId": [Function],
  "getAllByText": [Function],
  "getAllByTitle": [Function],
  "getByAltText": [Function],
  "getByDisplayValue": [Function],
  "getByLabelText": [Function],
  "getByPlaceholderText": [Function],
  "getByRole": [Function],
  "getByTestId": [Function],
  "getByText": [Function],
  "getByTitle": [Function],
  "queryAllByAltText": [Function],
  "queryAllByDisplayValue": [Function],
  "queryAllByLabelText": [Function],
  "queryAllByPlaceholderText": [Function],
  "queryAllByRole": [Function],
  "queryAllByTestId": [Function],
  "queryAllByText": [Function],
  "queryAllByTitle": [Function],
  "queryByAltText": [Function],
  "queryByDisplayValue": [Function],
  "queryByLabelText": [Function],
  "queryByPlaceholderText": [Function],
  "queryByRole": [Function],
  "queryByTestId": [Function],
  "queryByText": [Function],
  "queryByTitle": [Function],
  "rerender": [Function],
  "unmount": [Function],
}
`;
