// Jest Snapshot v1, https://goo.gl/fbAQLP

exports[`renders correctly 1`] = `
<div
  className="sc-gtsrHT iPBQld"
>
  <div
    className="sc-bdnxRM hnBNpD"
    onClick={[Function]}
  >
    <svg
      aria-hidden={true}
      className="MuiSvgIcon-root"
      focusable="false"
      viewBox="0 0 24 24"
    >
      <path
        d="M19 6.41L17.59 5 12 10.59 6.41 5 5 6.41 10.59 12 5 17.59 6.41 19 12 13.41 17.59 19 19 17.59 13.41 12z"
      />
    </svg>
  </div>
  <div
    className="sc-dlnjwi cLgzjL"
  >
    <img
      alt=""
      src="https://via.placeholder.com/600/92c952"
    />
  </div>
  <div
    className="sc-hKFxyN eUPgQk"
  >
    one
  </div>
</div>
`;
