// Jest Snapshot v1, https://goo.gl/fbAQLP

exports[`renders correctly 1`] = `
<div
  className="sc-bdnxRM kCPdri"
>
  <svg
    aria-hidden={true}
    className="MuiSvgIcon-root"
    focusable="false"
    onClick={[Function]}
    viewBox="0 0 24 24"
  >
    <path
      d="M11.67 3.87L9.9 2.1 0 12l9.9 9.9 1.77-1.77L3.54 12z"
    />
  </svg>
  <div
    className="sc-gtsrHT eihoZt"
    onClick={[Function]}
  >
    1
  </div>
  <div
    className="sc-gtsrHT eihoZt"
  >
    ...
  </div>
  <div
    className="sc-gtsrHT eihoZt"
    onClick={[Function]}
  >
    9
  </div>
  <div
    className="sc-gtsrHT eihoZt active"
    onClick={[Function]}
  >
    10
  </div>
  <div
    className="sc-gtsrHT eihoZt"
    onClick={[Function]}
  >
    11
  </div>
  <div
    className="sc-gtsrHT eihoZt"
  >
    ...
  </div>
  <div
    className="sc-gtsrHT eihoZt"
    onClick={[Function]}
  >
    20
  </div>
  <svg
    aria-hidden={true}
    className="MuiSvgIcon-root"
    focusable="false"
    onClick={[Function]}
    viewBox="0 0 24 24"
  >
    <path
      d="M5.88 4.12L13.76 12l-7.88 7.88L8 22l10-10L8 2z"
    />
  </svg>
</div>
`;
